
2026-05-23 01:46:00,120 : INFO : ###################################################
2026-05-23 01:46:00,121 : INFO : STARTED SCENARIO : [E2E_TC] Complete TV Purchase Workflow
2026-05-23 01:46:00,121 : INFO : ###################################################
2026-05-23 01:46:00,950 : INFO : BROWSER LAUNCHED SUCCESSFULLY
2026-05-23 01:46:02,299 : INFO : BESTBUY WEBSITE OPENED
2026-05-23 01:46:06,319 : INFO : COUNTRY SELECTED : UNITED STATES
2026-05-23 01:46:11,324 : INFO : STEP : INITIALIZING PAGE OBJECTS
2026-05-23 01:46:11,326 : INFO : ALL PAGE OBJECTS INITIALIZED SUCCESSFULLY
2026-05-23 01:46:11,499 : INFO : STEP : OPENING TOP DEALS SECTION
2026-05-23 01:46:11,500 : INFO : ===================================================
2026-05-23 01:46:11,500 : INFO : HOME PAGE : CLICK TOP DEALS
2026-05-23 01:46:11,500 : INFO : ===================================================
2026-05-23 01:46:19,820 : INFO : SUCCESS : TOP DEALS CLICKED
2026-05-23 01:46:20,265 : INFO : SCREENSHOT CAPTURED : screenshots/top_deals_page_20260523_014619.png
2026-05-23 01:46:25,266 : INFO : TOP DEALS PAGE OPENED SUCCESSFULLY
2026-05-23 01:46:25,269 : INFO : STEP : OPENING TV SECTION
2026-05-23 01:46:25,270 : INFO : ===================================================
2026-05-23 01:46:25,270 : INFO : TOP DEALS PAGE : OPEN TV & HOME THEATER
2026-05-23 01:46:25,270 : INFO : ===================================================
2026-05-23 01:46:30,406 : INFO : SUCCESS : TV & HOME THEATER OPENED
2026-05-23 01:46:30,761 : INFO : SCREENSHOT CAPTURED : screenshots/tv_home_theater_20260523_014630.png
2026-05-23 01:46:35,762 : INFO : TV SECTION OPENED SUCCESSFULLY
2026-05-23 01:46:35,765 : INFO : STEP : APPLYING BRAND FILTERS
2026-05-23 01:46:35,786 : INFO : ===================================================
2026-05-23 01:46:35,788 : INFO : TV PRODUCTS PAGE : APPLY BRAND FILTERS
2026-05-23 01:46:35,788 : INFO : ===================================================
2026-05-23 01:46:42,456 : INFO : APPLYING BRAND FILTER : LG
2026-05-23 01:46:42,981 : INFO : SUCCESS : LG FILTER APPLIED
2026-05-23 01:46:44,981 : INFO : APPLYING BRAND FILTER : Samsung
2026-05-23 01:46:45,310 : INFO : SUCCESS : Samsung FILTER APPLIED
2026-05-23 01:46:47,311 : INFO : APPLYING BRAND FILTER : Sony
2026-05-23 01:46:47,492 : INFO : SUCCESS : Sony FILTER APPLIED
2026-05-23 01:46:49,605 : INFO : SCREENSHOT CAPTURED : screenshots/brand_filters_20260523_014649.png
2026-05-23 01:46:49,625 : INFO : SUCCESS : ALL BRAND FILTERS APPLIED
2026-05-23 01:46:49,626 : INFO : BRAND FILTERS APPLIED SUCCESSFULLY
2026-05-23 01:46:49,629 : INFO : STEP : APPLYING PRICE FILTERS
2026-05-23 01:46:49,658 : INFO : ===================================================
2026-05-23 01:46:49,659 : INFO : TV PRODUCTS PAGE : APPLY PRICE FILTER 0 - 250
2026-05-23 01:46:49,660 : INFO : ===================================================
2026-05-23 01:46:49,847 : INFO : MINIMUM PRICE ENTERED : 0
2026-05-23 01:46:51,925 : INFO : MAXIMUM PRICE ENTERED : 250
2026-05-23 01:46:54,066 : INFO : SET BUTTON CLICKED
2026-05-23 01:47:07,929 : INFO : PAGE REFRESHED
2026-05-23 01:47:22,627 : INFO : SCREENSHOT CAPTURED : screenshots/valid_price_filter_20260523_014722.png
2026-05-23 01:47:22,628 : INFO : SUCCESS : PRICE FILTER APPLIED
2026-05-23 01:47:22,647 : INFO : VALID PRICE FILTER APPLIED SUCCESSFULLY
2026-05-23 01:47:22,649 : INFO : STEP : ADDING PRODUCTS TO CART
2026-05-23 01:47:22,649 : INFO : ===================================================
2026-05-23 01:47:22,650 : INFO : TV PRODUCTS PAGE : ADD PRODUCTS TO CART
2026-05-23 01:47:22,650 : INFO : ===================================================
2026-05-23 01:47:24,964 : INFO : FIRST PRODUCT ADDED
2026-05-23 01:47:25,151 : INFO : SCREENSHOT CAPTURED : screenshots/first_product_added_20260523_014724.png
2026-05-23 01:47:30,325 : INFO : CONTINUE SHOPPING CLICKED
2026-05-23 01:47:37,489 : INFO : SECOND PRODUCT ADDED
2026-05-23 01:47:37,679 : INFO : SCREENSHOT CAPTURED : screenshots/second_product_added_20260523_014737.png
2026-05-23 01:47:37,680 : INFO : SUCCESS : TWO PRODUCTS ADDED TO CART
2026-05-23 01:47:42,680 : INFO : PRODUCTS ADDED TO CART SUCCESSFULLY
2026-05-23 01:47:42,682 : INFO : STEP : NAVIGATING TO CART PAGE
2026-05-23 01:47:42,682 : INFO : ===================================================
2026-05-23 01:47:42,682 : INFO : TV PRODUCTS PAGE : GO TO CART
2026-05-23 01:47:42,682 : INFO : ===================================================
2026-05-23 01:47:50,652 : INFO : SCREENSHOT CAPTURED : screenshots/cart_page_20260523_014750.png
2026-05-23 01:47:50,652 : INFO : SUCCESS : CART PAGE OPENED
2026-05-23 01:47:55,655 : INFO : CART PAGE OPENED SUCCESSFULLY
2026-05-23 01:47:55,657 : INFO : STEP : PROCEEDING TO CHECKOUT
2026-05-23 01:47:55,658 : INFO : ===================================================
2026-05-23 01:47:55,658 : INFO : CART PAGE : CLICK CHECKOUT
2026-05-23 01:47:55,659 : INFO : ===================================================
2026-05-23 01:47:56,085 : INFO : CHECKOUT BUTTON CLICKED
2026-05-23 01:47:56,211 : INFO : SCREENSHOT CAPTURED : screenshots/checkout_page_20260523_014756.png
2026-05-23 01:47:56,211 : INFO : SUCCESS : CHECKOUT PAGE OPENED
2026-05-23 01:48:01,214 : INFO : CHECKOUT PAGE OPENED SUCCESSFULLY
2026-05-23 01:48:01,216 : INFO : ASSERTION : VALIDATING CHECKOUT PAGE
2026-05-23 01:48:01,243 : INFO : ASSERTION PASSED : CHECKOUT PAGE VALIDATED
2026-05-23 01:48:01,244 : INFO : SCENARIO PASSED
2026-05-23 01:48:01,244 : INFO : COMPLETED SCENARIO : [E2E_TC] Complete TV Purchase Workflow
2026-05-23 01:48:01,245 : INFO : CLOSING BROWSER
2026-05-23 01:48:03,838 : INFO : ===================================================

2026-05-23 01:48:03,841 : INFO : 

2026-05-23 01:48:03,841 : INFO : ###################################################
2026-05-23 01:48:03,841 : INFO : STARTED SCENARIO : [POS_TC_01] Validate Top Deals Navigation
2026-05-23 01:48:03,842 : INFO : ###################################################
2026-05-23 01:48:05,137 : INFO : BROWSER LAUNCHED SUCCESSFULLY
2026-05-23 01:48:05,936 : INFO : BESTBUY WEBSITE OPENED
2026-05-23 01:48:09,781 : INFO : COUNTRY SELECTED : UNITED STATES
2026-05-23 01:48:14,785 : INFO : STEP : INITIALIZING PAGE OBJECTS
2026-05-23 01:48:14,786 : INFO : ALL PAGE OBJECTS INITIALIZED SUCCESSFULLY
2026-05-23 01:48:14,926 : INFO : STEP : OPENING TOP DEALS SECTION
2026-05-23 01:48:14,927 : INFO : ===================================================
2026-05-23 01:48:14,928 : INFO : HOME PAGE : CLICK TOP DEALS
2026-05-23 01:48:14,928 : INFO : ===================================================
2026-05-23 01:48:23,064 : INFO : SUCCESS : TOP DEALS CLICKED
2026-05-23 01:48:23,262 : INFO : SCREENSHOT CAPTURED : screenshots/top_deals_page_20260523_014823.png
2026-05-23 01:48:28,263 : INFO : TOP DEALS PAGE OPENED SUCCESSFULLY
2026-05-23 01:48:28,264 : INFO : ASSERTION : VALIDATING TOP DEALS PAGE
2026-05-23 01:48:28,276 : INFO : ASSERTION PASSED : TOP DEALS PAGE VALIDATED
2026-05-23 01:48:28,277 : INFO : SCENARIO PASSED
2026-05-23 01:48:28,277 : INFO : COMPLETED SCENARIO : [POS_TC_01] Validate Top Deals Navigation
2026-05-23 01:48:28,277 : INFO : CLOSING BROWSER
2026-05-23 01:48:30,645 : INFO : ===================================================

2026-05-23 01:48:30,647 : INFO : 

2026-05-23 01:48:30,647 : INFO : ###################################################
2026-05-23 01:48:30,647 : INFO : STARTED SCENARIO : [POS_TC_02] Validate TV Navigation
2026-05-23 01:48:30,647 : INFO : ###################################################
2026-05-23 01:48:31,372 : INFO : BROWSER LAUNCHED SUCCESSFULLY
2026-05-23 01:48:32,225 : INFO : BESTBUY WEBSITE OPENED
2026-05-23 01:48:35,841 : INFO : COUNTRY SELECTED : UNITED STATES
2026-05-23 01:48:40,843 : INFO : STEP : INITIALIZING PAGE OBJECTS
2026-05-23 01:48:40,845 : INFO : ALL PAGE OBJECTS INITIALIZED SUCCESSFULLY
2026-05-23 01:48:40,983 : INFO : STEP : OPENING TOP DEALS SECTION
2026-05-23 01:48:40,984 : INFO : ===================================================
2026-05-23 01:48:40,984 : INFO : HOME PAGE : CLICK TOP DEALS
2026-05-23 01:48:40,984 : INFO : ===================================================
2026-05-23 01:48:48,137 : INFO : SUCCESS : TOP DEALS CLICKED
2026-05-23 01:48:48,305 : INFO : SCREENSHOT CAPTURED : screenshots/top_deals_page_20260523_014848.png
2026-05-23 01:48:53,306 : INFO : TOP DEALS PAGE OPENED SUCCESSFULLY
2026-05-23 01:48:53,309 : INFO : STEP : OPENING TV SECTION
2026-05-23 01:48:53,310 : INFO : ===================================================
2026-05-23 01:48:53,310 : INFO : TOP DEALS PAGE : OPEN TV & HOME THEATER
2026-05-23 01:48:53,311 : INFO : ===================================================
2026-05-23 01:49:01,929 : INFO : SUCCESS : TV & HOME THEATER OPENED
2026-05-23 01:49:02,143 : INFO : SCREENSHOT CAPTURED : screenshots/tv_home_theater_20260523_014901.png
2026-05-23 01:49:07,144 : INFO : TV SECTION OPENED SUCCESSFULLY
2026-05-23 01:49:07,145 : INFO : ASSERTION : VALIDATING TV SECTION
2026-05-23 01:49:07,157 : INFO : ASSERTION PASSED : TV SECTION VALIDATED
2026-05-23 01:49:07,158 : INFO : SCENARIO PASSED
2026-05-23 01:49:07,158 : INFO : COMPLETED SCENARIO : [POS_TC_02] Validate TV Navigation
2026-05-23 01:49:07,158 : INFO : CLOSING BROWSER
2026-05-23 01:49:09,653 : INFO : ===================================================

2026-05-23 01:49:09,659 : INFO : 

2026-05-23 01:49:09,660 : INFO : ###################################################
2026-05-23 01:49:09,660 : INFO : STARTED SCENARIO : [POS_TC_03] Validate Brand Filters
2026-05-23 01:49:09,661 : INFO : ###################################################
2026-05-23 01:49:10,400 : INFO : BROWSER LAUNCHED SUCCESSFULLY
2026-05-23 01:49:11,145 : INFO : BESTBUY WEBSITE OPENED
2026-05-23 01:49:15,382 : INFO : COUNTRY SELECTED : UNITED STATES
2026-05-23 01:49:20,384 : INFO : STEP : INITIALIZING PAGE OBJECTS
2026-05-23 01:49:20,386 : INFO : ALL PAGE OBJECTS INITIALIZED SUCCESSFULLY
2026-05-23 01:49:20,570 : INFO : STEP : OPENING TOP DEALS SECTION
2026-05-23 01:49:20,571 : INFO : ===================================================
2026-05-23 01:49:20,571 : INFO : HOME PAGE : CLICK TOP DEALS
2026-05-23 01:49:20,571 : INFO : ===================================================
2026-05-23 01:49:27,055 : INFO : SUCCESS : TOP DEALS CLICKED
2026-05-23 01:49:27,297 : INFO : SCREENSHOT CAPTURED : screenshots/top_deals_page_20260523_014927.png
2026-05-23 01:49:32,298 : INFO : TOP DEALS PAGE OPENED SUCCESSFULLY
2026-05-23 01:49:32,300 : INFO : STEP : OPENING TV SECTION
2026-05-23 01:49:32,300 : INFO : ===================================================
2026-05-23 01:49:32,301 : INFO : TOP DEALS PAGE : OPEN TV & HOME THEATER
2026-05-23 01:49:32,301 : INFO : ===================================================
2026-05-23 01:49:38,540 : INFO : SUCCESS : TV & HOME THEATER OPENED
2026-05-23 01:49:39,708 : INFO : SCREENSHOT CAPTURED : screenshots/tv_home_theater_20260523_014938.png
2026-05-23 01:49:48,658 : INFO : TV SECTION OPENED SUCCESSFULLY
2026-05-23 01:49:48,679 : INFO : STEP : APPLYING BRAND FILTERS
2026-05-23 01:49:48,695 : INFO : ===================================================
2026-05-23 01:49:48,695 : INFO : TV PRODUCTS PAGE : APPLY BRAND FILTERS
2026-05-23 01:49:48,695 : INFO : ===================================================
2026-05-23 01:49:55,566 : INFO : APPLYING BRAND FILTER : LG
2026-05-23 01:49:55,749 : INFO : SUCCESS : LG FILTER APPLIED
2026-05-23 01:49:57,750 : INFO : APPLYING BRAND FILTER : Samsung
2026-05-23 01:49:57,873 : INFO : SUCCESS : Samsung FILTER APPLIED
2026-05-23 01:49:59,873 : INFO : APPLYING BRAND FILTER : Sony
2026-05-23 01:50:00,040 : INFO : SUCCESS : Sony FILTER APPLIED
2026-05-23 01:50:02,108 : INFO : SCREENSHOT CAPTURED : screenshots/brand_filters_20260523_015002.png
2026-05-23 01:50:02,109 : INFO : SUCCESS : ALL BRAND FILTERS APPLIED
2026-05-23 01:50:02,109 : INFO : BRAND FILTERS APPLIED SUCCESSFULLY
2026-05-23 01:50:02,111 : INFO : ASSERTION : VALIDATING BRAND FILTERS
2026-05-23 01:50:02,747 : INFO : ASSERTION PASSED : BRAND FILTERS VALIDATED
2026-05-23 01:50:02,749 : INFO : SCENARIO PASSED
2026-05-23 01:50:02,749 : INFO : COMPLETED SCENARIO : [POS_TC_03] Validate Brand Filters
2026-05-23 01:50:02,749 : INFO : CLOSING BROWSER
2026-05-23 01:50:05,312 : INFO : ===================================================

2026-05-23 01:50:05,316 : INFO : 

2026-05-23 01:50:05,316 : INFO : ###################################################
2026-05-23 01:50:05,316 : INFO : STARTED SCENARIO : [POS_TC_04] Validate Price Filters
2026-05-23 01:50:05,316 : INFO : ###################################################
2026-05-23 01:50:06,045 : INFO : BROWSER LAUNCHED SUCCESSFULLY
2026-05-23 01:50:07,082 : INFO : BESTBUY WEBSITE OPENED
2026-05-23 01:50:11,484 : INFO : COUNTRY SELECTED : UNITED STATES
2026-05-23 01:50:16,487 : INFO : STEP : INITIALIZING PAGE OBJECTS
2026-05-23 01:50:16,490 : INFO : ALL PAGE OBJECTS INITIALIZED SUCCESSFULLY
2026-05-23 01:50:16,659 : INFO : STEP : OPENING TOP DEALS SECTION
2026-05-23 01:50:16,660 : INFO : ===================================================
2026-05-23 01:50:16,660 : INFO : HOME PAGE : CLICK TOP DEALS
2026-05-23 01:50:16,661 : INFO : ===================================================
2026-05-23 01:50:23,958 : INFO : SUCCESS : TOP DEALS CLICKED
2026-05-23 01:50:24,133 : INFO : SCREENSHOT CAPTURED : screenshots/top_deals_page_20260523_015023.png
2026-05-23 01:50:29,133 : INFO : TOP DEALS PAGE OPENED SUCCESSFULLY
2026-05-23 01:50:29,137 : INFO : STEP : OPENING TV SECTION
2026-05-23 01:50:29,137 : INFO : ===================================================
2026-05-23 01:50:29,137 : INFO : TOP DEALS PAGE : OPEN TV & HOME THEATER
2026-05-23 01:50:29,138 : INFO : ===================================================
2026-05-23 01:50:34,058 : INFO : SUCCESS : TV & HOME THEATER OPENED
2026-05-23 01:50:35,435 : INFO : SCREENSHOT CAPTURED : screenshots/tv_home_theater_20260523_015034.png
2026-05-23 01:50:40,436 : INFO : TV SECTION OPENED SUCCESSFULLY
2026-05-23 01:50:40,436 : INFO : STEP : APPLYING PRICE FILTERS
2026-05-23 01:50:40,444 : INFO : ===================================================
2026-05-23 01:50:40,445 : INFO : TV PRODUCTS PAGE : APPLY PRICE FILTER 0 - 250
2026-05-23 01:50:40,445 : INFO : ===================================================
2026-05-23 01:50:41,398 : INFO : MINIMUM PRICE ENTERED : 0
2026-05-23 01:50:44,422 : INFO : MAXIMUM PRICE ENTERED : 250
2026-05-23 01:50:46,687 : INFO : SET BUTTON CLICKED
2026-05-23 01:51:01,625 : INFO : PAGE REFRESHED
2026-05-23 01:51:16,313 : INFO : SCREENSHOT CAPTURED : screenshots/valid_price_filter_20260523_015116.png
2026-05-23 01:51:16,314 : INFO : SUCCESS : PRICE FILTER APPLIED
2026-05-23 01:51:16,317 : INFO : VALID PRICE FILTER APPLIED SUCCESSFULLY
2026-05-23 01:51:16,319 : INFO : ASSERTION : VALIDATING PRICE FILTER
2026-05-23 01:51:16,355 : INFO : ASSERTION PASSED : PRICE FILTER VALIDATED
2026-05-23 01:51:16,355 : INFO : SCENARIO PASSED
2026-05-23 01:51:16,356 : INFO : COMPLETED SCENARIO : [POS_TC_04] Validate Price Filters
2026-05-23 01:51:16,356 : INFO : CLOSING BROWSER
2026-05-23 01:51:19,351 : INFO : ===================================================

2026-05-23 01:51:19,356 : INFO : 

2026-05-23 01:51:19,357 : INFO : ###################################################
2026-05-23 01:51:19,357 : INFO : STARTED SCENARIO : [POS_TC_05] Validate Product Quantity Update
2026-05-23 01:51:19,357 : INFO : ###################################################
2026-05-23 01:51:20,171 : INFO : BROWSER LAUNCHED SUCCESSFULLY
2026-05-23 01:51:22,104 : INFO : BESTBUY WEBSITE OPENED
2026-05-23 01:51:26,608 : INFO : COUNTRY SELECTED : UNITED STATES
2026-05-23 01:51:31,613 : INFO : STEP : INITIALIZING PAGE OBJECTS
2026-05-23 01:51:31,616 : INFO : ALL PAGE OBJECTS INITIALIZED SUCCESSFULLY
2026-05-23 01:51:31,812 : INFO : STEP : OPENING TOP DEALS SECTION
2026-05-23 01:51:31,814 : INFO : ===================================================
2026-05-23 01:51:31,814 : INFO : HOME PAGE : CLICK TOP DEALS
2026-05-23 01:51:31,815 : INFO : ===================================================
2026-05-23 01:51:42,326 : INFO : SUCCESS : TOP DEALS CLICKED
2026-05-23 01:51:42,603 : INFO : SCREENSHOT CAPTURED : screenshots/top_deals_page_20260523_015142.png
2026-05-23 01:51:47,604 : INFO : TOP DEALS PAGE OPENED SUCCESSFULLY
2026-05-23 01:51:47,607 : INFO : STEP : OPENING TV SECTION
2026-05-23 01:51:47,607 : INFO : ===================================================
2026-05-23 01:51:47,608 : INFO : TOP DEALS PAGE : OPEN TV & HOME THEATER
2026-05-23 01:51:47,608 : INFO : ===================================================
2026-05-23 01:51:56,597 : INFO : SUCCESS : TV & HOME THEATER OPENED
2026-05-23 01:51:56,789 : INFO : SCREENSHOT CAPTURED : screenshots/tv_home_theater_20260523_015156.png
2026-05-23 01:52:01,791 : INFO : TV SECTION OPENED SUCCESSFULLY
2026-05-23 01:52:01,792 : INFO : STEP : APPLYING BRAND FILTERS
2026-05-23 01:52:01,824 : INFO : ===================================================
2026-05-23 01:52:01,824 : INFO : TV PRODUCTS PAGE : APPLY BRAND FILTERS
2026-05-23 01:52:01,825 : INFO : ===================================================
2026-05-23 01:52:08,417 : INFO : APPLYING BRAND FILTER : LG
2026-05-23 01:52:08,623 : INFO : SUCCESS : LG FILTER APPLIED
2026-05-23 01:52:10,624 : INFO : APPLYING BRAND FILTER : Samsung
2026-05-23 01:52:10,775 : INFO : SUCCESS : Samsung FILTER APPLIED
2026-05-23 01:52:12,776 : INFO : APPLYING BRAND FILTER : Sony
2026-05-23 01:52:12,922 : INFO : SUCCESS : Sony FILTER APPLIED
2026-05-23 01:52:14,993 : INFO : SCREENSHOT CAPTURED : screenshots/brand_filters_20260523_015214.png
2026-05-23 01:52:14,995 : INFO : SUCCESS : ALL BRAND FILTERS APPLIED
2026-05-23 01:52:14,996 : INFO : BRAND FILTERS APPLIED SUCCESSFULLY
2026-05-23 01:52:14,997 : INFO : STEP : APPLYING PRICE FILTERS
2026-05-23 01:52:15,008 : INFO : ===================================================
2026-05-23 01:52:15,008 : INFO : TV PRODUCTS PAGE : APPLY PRICE FILTER 0 - 250
2026-05-23 01:52:15,009 : INFO : ===================================================
2026-05-23 01:52:15,173 : INFO : MINIMUM PRICE ENTERED : 0
2026-05-23 01:52:17,331 : INFO : MAXIMUM PRICE ENTERED : 250
2026-05-23 01:52:19,573 : INFO : SET BUTTON CLICKED
2026-05-23 01:52:34,654 : INFO : PAGE REFRESHED
2026-05-23 01:52:49,267 : INFO : SCREENSHOT CAPTURED : screenshots/valid_price_filter_20260523_015249.png
2026-05-23 01:52:49,267 : INFO : SUCCESS : PRICE FILTER APPLIED
2026-05-23 01:52:49,268 : INFO : VALID PRICE FILTER APPLIED SUCCESSFULLY
2026-05-23 01:52:49,268 : INFO : STEP : ADDING PRODUCTS TO CART
2026-05-23 01:52:49,269 : INFO : ===================================================
2026-05-23 01:52:49,269 : INFO : TV PRODUCTS PAGE : ADD PRODUCTS TO CART
2026-05-23 01:52:49,269 : INFO : ===================================================
2026-05-23 01:52:51,764 : INFO : FIRST PRODUCT ADDED
2026-05-23 01:52:51,871 : INFO : SCREENSHOT CAPTURED : screenshots/first_product_added_20260523_015251.png
2026-05-23 01:52:56,959 : INFO : CONTINUE SHOPPING CLICKED
2026-05-23 01:53:04,064 : INFO : SECOND PRODUCT ADDED
2026-05-23 01:53:04,197 : INFO : SCREENSHOT CAPTURED : screenshots/second_product_added_20260523_015304.png
2026-05-23 01:53:04,198 : INFO : SUCCESS : TWO PRODUCTS ADDED TO CART
2026-05-23 01:53:09,199 : INFO : PRODUCTS ADDED TO CART SUCCESSFULLY
2026-05-23 01:53:09,200 : INFO : STEP : NAVIGATING TO CART PAGE
2026-05-23 01:53:09,200 : INFO : ===================================================
2026-05-23 01:53:09,201 : INFO : TV PRODUCTS PAGE : GO TO CART
2026-05-23 01:53:09,201 : INFO : ===================================================
2026-05-23 01:53:12,810 : INFO : SCREENSHOT CAPTURED : screenshots/cart_page_20260523_015312.png
2026-05-23 01:53:12,811 : INFO : SUCCESS : CART PAGE OPENED
2026-05-23 01:53:17,813 : INFO : CART PAGE OPENED SUCCESSFULLY
2026-05-23 01:53:17,814 : INFO : STEP : INCREASING PRODUCT QUANTITY
2026-05-23 01:53:17,814 : INFO : ===================================================
2026-05-23 01:53:17,814 : INFO : CART PAGE : UPDATE QUANTITY TO 2
2026-05-23 01:53:17,814 : INFO : ===================================================
2026-05-23 01:53:17,960 : INFO : QUANTITY UPDATED TO : 2
2026-05-23 01:53:23,042 : INFO : SCREENSHOT CAPTURED : screenshots/updated_product_quantity_20260523_015322.png
2026-05-23 01:53:23,067 : INFO : SUCCESS : PRODUCT QUANTITY UPDATED TO 2
2026-05-23 01:53:23,069 : INFO : PRODUCT QUANTITY UPDATED
2026-05-23 01:53:23,069 : INFO : ASSERTION : VALIDATING UPDATED QUANTITY
2026-05-23 01:53:23,070 : INFO : ASSERTION PASSED : PRODUCT QUANTITY VALIDATED
2026-05-23 01:53:23,070 : INFO : SCENARIO PASSED
2026-05-23 01:53:23,070 : INFO : COMPLETED SCENARIO : [POS_TC_05] Validate Product Quantity Update
2026-05-23 01:53:23,070 : INFO : CLOSING BROWSER
2026-05-23 01:53:25,850 : INFO : ===================================================

2026-05-23 01:53:25,852 : INFO : 

2026-05-23 01:53:25,853 : INFO : ###################################################
2026-05-23 01:53:25,853 : INFO : STARTED SCENARIO : [NEG_TC_01] Validate Invalid Price Filter
2026-05-23 01:53:25,853 : INFO : ###################################################
2026-05-23 01:53:26,659 : INFO : BROWSER LAUNCHED SUCCESSFULLY
2026-05-23 01:53:27,416 : INFO : BESTBUY WEBSITE OPENED
2026-05-23 01:53:32,917 : INFO : COUNTRY SELECTED : UNITED STATES
2026-05-23 01:53:37,920 : INFO : STEP : INITIALIZING PAGE OBJECTS
2026-05-23 01:53:37,922 : INFO : ALL PAGE OBJECTS INITIALIZED SUCCESSFULLY
2026-05-23 01:53:38,064 : INFO : STEP : OPENING TOP DEALS SECTION
2026-05-23 01:53:38,065 : INFO : ===================================================
2026-05-23 01:53:38,066 : INFO : HOME PAGE : CLICK TOP DEALS
2026-05-23 01:53:38,066 : INFO : ===================================================
2026-05-23 01:53:44,865 : INFO : SUCCESS : TOP DEALS CLICKED
2026-05-23 01:53:44,986 : INFO : SCREENSHOT CAPTURED : screenshots/top_deals_page_20260523_015344.png
2026-05-23 01:53:49,987 : INFO : TOP DEALS PAGE OPENED SUCCESSFULLY
2026-05-23 01:53:49,988 : INFO : STEP : OPENING TV SECTION
2026-05-23 01:53:49,989 : INFO : ===================================================
2026-05-23 01:53:49,990 : INFO : TOP DEALS PAGE : OPEN TV & HOME THEATER
2026-05-23 01:53:49,990 : INFO : ===================================================
2026-05-23 01:53:54,511 : INFO : SUCCESS : TV & HOME THEATER OPENED
2026-05-23 01:53:54,697 : INFO : SCREENSHOT CAPTURED : screenshots/tv_home_theater_20260523_015354.png
2026-05-23 01:53:59,697 : INFO : TV SECTION OPENED SUCCESSFULLY
2026-05-23 01:53:59,698 : INFO : STEP : APPLYING INVALID PRICE FILTER
2026-05-23 01:53:59,705 : INFO : ===================================================
2026-05-23 01:53:59,706 : INFO : TV PRODUCTS PAGE : APPLY PRICE FILTER 500 - 100
2026-05-23 01:53:59,706 : INFO : ===================================================
2026-05-23 01:54:00,623 : INFO : MINIMUM PRICE ENTERED : 500
2026-05-23 01:54:03,536 : INFO : MAXIMUM PRICE ENTERED : 100
2026-05-23 01:54:05,727 : INFO : SET BUTTON CLICKED
2026-05-23 01:54:19,031 : INFO : PAGE REFRESHED
2026-05-23 01:54:33,780 : INFO : SCREENSHOT CAPTURED : screenshots/invalid_price_filter_20260523_015433.png
2026-05-23 01:54:33,781 : INFO : SUCCESS : PRICE FILTER APPLIED
2026-05-23 01:54:33,782 : INFO : INVALID PRICE FILTER APPLIED
2026-05-23 01:54:33,784 : INFO : ASSERTION : VALIDATING INVALID PRICE FILTER
2026-05-23 01:54:33,935 : INFO : ASSERTION PASSED : INVALID PRICE VALIDATED
2026-05-23 01:54:33,936 : INFO : SCENARIO PASSED
2026-05-23 01:54:33,937 : INFO : COMPLETED SCENARIO : [NEG_TC_01] Validate Invalid Price Filter
2026-05-23 01:54:33,937 : INFO : CLOSING BROWSER
2026-05-23 01:54:36,679 : INFO : ===================================================

2026-05-23 01:54:36,683 : INFO : 

2026-05-23 01:54:36,684 : INFO : ###################################################
2026-05-23 01:54:36,684 : INFO : STARTED SCENARIO : [NEG_TC_02] Validate Invalid Brand Filter
2026-05-23 01:54:36,684 : INFO : ###################################################
2026-05-23 01:54:37,442 : INFO : BROWSER LAUNCHED SUCCESSFULLY
2026-05-23 01:54:38,503 : INFO : BESTBUY WEBSITE OPENED
2026-05-23 01:54:42,157 : INFO : COUNTRY SELECTED : UNITED STATES
2026-05-23 01:54:47,160 : INFO : STEP : INITIALIZING PAGE OBJECTS
2026-05-23 01:54:47,162 : INFO : ALL PAGE OBJECTS INITIALIZED SUCCESSFULLY
2026-05-23 01:54:47,324 : INFO : STEP : OPENING TOP DEALS SECTION
2026-05-23 01:54:47,325 : INFO : ===================================================
2026-05-23 01:54:47,325 : INFO : HOME PAGE : CLICK TOP DEALS
2026-05-23 01:54:47,326 : INFO : ===================================================
2026-05-23 01:54:55,432 : INFO : SUCCESS : TOP DEALS CLICKED
2026-05-23 01:54:55,545 : INFO : SCREENSHOT CAPTURED : screenshots/top_deals_page_20260523_015455.png
2026-05-23 01:55:00,546 : INFO : TOP DEALS PAGE OPENED SUCCESSFULLY
2026-05-23 01:55:00,547 : INFO : STEP : OPENING TV SECTION
2026-05-23 01:55:00,547 : INFO : ===================================================
2026-05-23 01:55:00,547 : INFO : TOP DEALS PAGE : OPEN TV & HOME THEATER
2026-05-23 01:55:00,548 : INFO : ===================================================
2026-05-23 01:55:05,106 : INFO : SUCCESS : TV & HOME THEATER OPENED
2026-05-23 01:55:06,509 : INFO : SCREENSHOT CAPTURED : screenshots/tv_home_theater_20260523_015505.png
2026-05-23 01:55:11,510 : INFO : TV SECTION OPENED SUCCESSFULLY
2026-05-23 01:55:11,512 : INFO : STEP : APPLYING INVALID BRAND FILTER
2026-05-23 01:55:11,526 : INFO : ===================================================
2026-05-23 01:55:11,526 : INFO : TV PRODUCTS PAGE : INVALID BRAND ABCXYZ
2026-05-23 01:55:11,527 : INFO : ===================================================
2026-05-23 01:55:16,845 : INFO : INVALID BRAND ENTERED : ABCXYZ
2026-05-23 01:55:21,990 : INFO : SCREENSHOT CAPTURED : screenshots/invalid_brand_20260523_015521.png
2026-05-23 01:55:21,990 : INFO : SUCCESS : INVALID BRAND VALIDATION COMPLETED
2026-05-23 01:55:21,992 : INFO : INVALID BRAND FILTER APPLIED
2026-05-23 01:55:21,995 : INFO : ASSERTION : VALIDATING INVALID BRAND
2026-05-23 01:55:22,209 : INFO : ASSERTION PASSED : INVALID BRAND VALIDATED
2026-05-23 01:55:22,210 : INFO : SCENARIO PASSED
2026-05-23 01:55:22,211 : INFO : COMPLETED SCENARIO : [NEG_TC_02] Validate Invalid Brand Filter
2026-05-23 01:55:22,211 : INFO : CLOSING BROWSER
2026-05-23 01:55:24,917 : INFO : ===================================================

2026-05-23 01:55:24,920 : INFO : 

2026-05-23 01:55:24,920 : INFO : ###################################################
2026-05-23 01:55:24,920 : INFO : STARTED SCENARIO : [NEG_TC_03] Validate Invalid Email Checkout
2026-05-23 01:55:24,920 : INFO : ###################################################
2026-05-23 01:55:25,666 : INFO : BROWSER LAUNCHED SUCCESSFULLY
2026-05-23 01:55:26,882 : INFO : BESTBUY WEBSITE OPENED
2026-05-23 01:55:30,821 : INFO : COUNTRY SELECTED : UNITED STATES
2026-05-23 01:55:35,823 : INFO : STEP : INITIALIZING PAGE OBJECTS
2026-05-23 01:55:35,825 : INFO : ALL PAGE OBJECTS INITIALIZED SUCCESSFULLY
2026-05-23 01:55:35,968 : INFO : STEP : OPENING TOP DEALS SECTION
2026-05-23 01:55:35,969 : INFO : ===================================================
2026-05-23 01:55:35,969 : INFO : HOME PAGE : CLICK TOP DEALS
2026-05-23 01:55:35,970 : INFO : ===================================================
2026-05-23 01:55:45,306 : INFO : SUCCESS : TOP DEALS CLICKED
2026-05-23 01:55:45,434 : INFO : SCREENSHOT CAPTURED : screenshots/top_deals_page_20260523_015545.png
2026-05-23 01:55:50,435 : INFO : TOP DEALS PAGE OPENED SUCCESSFULLY
2026-05-23 01:55:50,437 : INFO : STEP : OPENING TV SECTION
2026-05-23 01:55:50,438 : INFO : ===================================================
2026-05-23 01:55:50,438 : INFO : TOP DEALS PAGE : OPEN TV & HOME THEATER
2026-05-23 01:55:50,438 : INFO : ===================================================
2026-05-23 01:55:55,418 : INFO : SUCCESS : TV & HOME THEATER OPENED
2026-05-23 01:55:56,727 : INFO : SCREENSHOT CAPTURED : screenshots/tv_home_theater_20260523_015555.png
2026-05-23 01:56:01,728 : INFO : TV SECTION OPENED SUCCESSFULLY
2026-05-23 01:56:01,729 : INFO : STEP : APPLYING BRAND FILTERS
2026-05-23 01:56:01,735 : INFO : ===================================================
2026-05-23 01:56:01,736 : INFO : TV PRODUCTS PAGE : APPLY BRAND FILTERS
2026-05-23 01:56:01,736 : INFO : ===================================================
2026-05-23 01:56:08,261 : INFO : APPLYING BRAND FILTER : LG
2026-05-23 01:56:08,468 : INFO : SUCCESS : LG FILTER APPLIED
2026-05-23 01:56:10,469 : INFO : APPLYING BRAND FILTER : Samsung
2026-05-23 01:56:10,652 : INFO : SUCCESS : Samsung FILTER APPLIED
2026-05-23 01:56:12,653 : INFO : APPLYING BRAND FILTER : Sony
2026-05-23 01:56:12,839 : INFO : SUCCESS : Sony FILTER APPLIED
2026-05-23 01:56:14,932 : INFO : SCREENSHOT CAPTURED : screenshots/brand_filters_20260523_015614.png
2026-05-23 01:56:14,932 : INFO : SUCCESS : ALL BRAND FILTERS APPLIED
2026-05-23 01:56:14,933 : INFO : BRAND FILTERS APPLIED SUCCESSFULLY
2026-05-23 01:56:14,936 : INFO : STEP : APPLYING PRICE FILTERS
2026-05-23 01:56:14,948 : INFO : ===================================================
2026-05-23 01:56:14,948 : INFO : TV PRODUCTS PAGE : APPLY PRICE FILTER 0 - 250
2026-05-23 01:56:14,949 : INFO : ===================================================
2026-05-23 01:56:15,076 : INFO : MINIMUM PRICE ENTERED : 0
2026-05-23 01:56:17,180 : INFO : MAXIMUM PRICE ENTERED : 250
2026-05-23 01:56:19,349 : INFO : SET BUTTON CLICKED
2026-05-23 01:56:33,900 : INFO : PAGE REFRESHED
2026-05-23 01:56:48,690 : INFO : SCREENSHOT CAPTURED : screenshots/valid_price_filter_20260523_015648.png
2026-05-23 01:56:48,690 : INFO : SUCCESS : PRICE FILTER APPLIED
2026-05-23 01:56:48,694 : INFO : VALID PRICE FILTER APPLIED SUCCESSFULLY
2026-05-23 01:56:48,696 : INFO : STEP : ADDING PRODUCTS TO CART
2026-05-23 01:56:48,697 : INFO : ===================================================
2026-05-23 01:56:48,697 : INFO : TV PRODUCTS PAGE : ADD PRODUCTS TO CART
2026-05-23 01:56:48,697 : INFO : ===================================================
2026-05-23 01:56:50,938 : INFO : FIRST PRODUCT ADDED
2026-05-23 01:56:51,042 : INFO : SCREENSHOT CAPTURED : screenshots/first_product_added_20260523_015650.png
2026-05-23 01:56:56,145 : INFO : CONTINUE SHOPPING CLICKED
2026-05-23 01:57:03,206 : INFO : SECOND PRODUCT ADDED
2026-05-23 01:57:03,337 : INFO : SCREENSHOT CAPTURED : screenshots/second_product_added_20260523_015703.png
2026-05-23 01:57:03,337 : INFO : SUCCESS : TWO PRODUCTS ADDED TO CART
2026-05-23 01:57:08,339 : INFO : PRODUCTS ADDED TO CART SUCCESSFULLY
2026-05-23 01:57:08,342 : INFO : STEP : NAVIGATING TO CART PAGE
2026-05-23 01:57:08,343 : INFO : ===================================================
2026-05-23 01:57:08,348 : INFO : TV PRODUCTS PAGE : GO TO CART
2026-05-23 01:57:08,353 : INFO : ===================================================
2026-05-23 01:57:11,575 : INFO : SCREENSHOT CAPTURED : screenshots/cart_page_20260523_015711.png
2026-05-23 01:57:11,575 : INFO : SUCCESS : CART PAGE OPENED
2026-05-23 01:57:16,577 : INFO : CART PAGE OPENED SUCCESSFULLY
2026-05-23 01:57:16,579 : INFO : STEP : PROCEEDING TO CHECKOUT
2026-05-23 01:57:16,579 : INFO : ===================================================
2026-05-23 01:57:16,579 : INFO : CART PAGE : CLICK CHECKOUT
2026-05-23 01:57:16,580 : INFO : ===================================================
2026-05-23 01:57:17,002 : INFO : CHECKOUT BUTTON CLICKED
2026-05-23 01:57:17,160 : INFO : SCREENSHOT CAPTURED : screenshots/checkout_page_20260523_015717.png
2026-05-23 01:57:17,161 : INFO : SUCCESS : CHECKOUT PAGE OPENED
2026-05-23 01:57:22,166 : INFO : CHECKOUT PAGE OPENED SUCCESSFULLY
2026-05-23 01:57:22,167 : INFO : STEP : ENTERING INVALID EMAIL
2026-05-23 01:57:22,187 : INFO : ===================================================
2026-05-23 01:57:22,189 : INFO : CART PAGE : ENTER INVALID EMAIL abc#xyz.com
2026-05-23 01:57:22,189 : INFO : ===================================================
2026-05-23 01:57:22,341 : INFO : INVALID EMAIL ENTERED : abc#xyz.com
2026-05-23 01:57:22,430 : INFO : SCREENSHOT CAPTURED : screenshots/invalid_email_entered_20260523_015722.png
2026-05-23 01:57:25,501 : INFO : CONTINUE BUTTON CLICKED
2026-05-23 01:57:25,582 : INFO : SCREENSHOT CAPTURED : screenshots/invalid_email_validation_20260523_015725.png
2026-05-23 01:57:25,583 : INFO : SUCCESS : INVALID EMAIL VALIDATION COMPLETED
2026-05-23 01:57:30,585 : INFO : INVALID EMAIL ENTERED
2026-05-23 01:57:30,586 : INFO : ASSERTION : VALIDATING INVALID EMAIL
2026-05-23 01:57:30,605 : INFO : ASSERTION PASSED : INVALID EMAIL VALIDATED
2026-05-23 01:57:30,606 : INFO : SCENARIO PASSED
2026-05-23 01:57:30,606 : INFO : COMPLETED SCENARIO : [NEG_TC_03] Validate Invalid Email Checkout
2026-05-23 01:57:30,606 : INFO : CLOSING BROWSER
2026-05-23 01:57:33,218 : INFO : ===================================================

2026-05-23 01:57:33,220 : INFO : ===================================================
2026-05-23 01:57:33,220 : INFO : TEST EXECUTION COMPLETED
2026-05-23 01:57:33,220 : INFO : GENERATING ALLURE REPORT...
2026-05-23 01:57:33,220 : INFO : ===================================================
2026-05-23 01:57:35,506 : INFO : ALLURE REPORT GENERATED SUCCESSFULLY
